"","x"
"1","Family.Lachnospiraceae.0010"
"2","Family.Lachnospiraceae.0016"
"3","Kingdom.Bacteria.0002"
"4","Family.Lachnospiraceae.0025"
"5","Clostridium_IV.0001"
"6","Family.Lachnospiraceae.0033"
"7","Streptococcus.0001"
"8","Family.Lachnospiraceae.0074"
"9","Phylum.Firmicutes.0003"
