"","Family.Lachnospiraceae.0085","Order.Clostridiales.0019","Anaeroplasma.0002","Family.Lachnospiraceae.0102","Phylum.Firmicutes.0008","Order.Clostridiales.0022","Family.Lachnospiraceae.0109","Family.Porphyromonadaceae.0041"
"Family.Lachnospiraceae.0085",0,0,0,0,0,0,0,0
"Order.Clostridiales.0019",0,0,0,0,0,0,0,0
"Anaeroplasma.0002",0.166666666666667,0.166666666666667,0.166666666666667,0.166666666666667,0.166666666666667,0.166666666666667,0.166666666666667,0.166666666666667
"Family.Lachnospiraceae.0102",0.166666666666667,0.166666666666667,0.166666666666667,0.166666666666667,0.166666666666667,0.166666666666667,0.166666666666667,0.166666666666667
"Phylum.Firmicutes.0008",0.166666666666667,0.166666666666667,0.166666666666667,0.166666666666667,0.166666666666667,0.166666666666667,0.166666666666667,0.166666666666667
"Order.Clostridiales.0022",0.166666666666667,0.166666666666667,0.166666666666667,0.166666666666667,0.166666666666667,0.166666666666667,0.166666666666667,0.166666666666667
"Family.Lachnospiraceae.0109",0.166666666666667,0.166666666666667,0.166666666666667,0.166666666666667,0.166666666666667,0.166666666666667,0.166666666666667,0.166666666666667
"Family.Porphyromonadaceae.0041",0.166666666666667,0.166666666666667,0.166666666666667,0.166666666666667,0.166666666666667,0.166666666666667,0.166666666666667,0.166666666666667
