"","x"
"1","Family.Lachnospiraceae.0085"
"2","Order.Clostridiales.0019"
"3","Anaeroplasma.0002"
"4","Family.Lachnospiraceae.0102"
"5","Phylum.Firmicutes.0008"
"6","Order.Clostridiales.0022"
"7","Family.Lachnospiraceae.0109"
"8","Family.Porphyromonadaceae.0041"
