"","x"
"1","Family.Lachnospiraceae.0015"
"2","Family.Lachnospiraceae.0024"
"3","Family.Lachnospiraceae.0031"
"4","Family.Lachnospiraceae.0050"
"5","Family.Ruminococcaceae.0010"
"6","Family.Ruminococcaceae.0011"
