"","x"
"1","Family.Lachnospiraceae.0027"
"2","Family.Lachnospiraceae.0030"
"3","Family.Lachnospiraceae.0032"
"4","Family.Lachnospiraceae.0055"
"5","Family.Lachnospiraceae.0060"
"6","Family.Lachnospiraceae.0084"
"7","Order.Clostridiales.0015"
